// Jest Snapshot v1, https://goo.gl/fbAQLP

exports[`Deploy to a branch on a custom dir that does not exist 1`] = `
"msg:Update master to output generated at <sha>
tree:91548ed23fe65d56dfcbb58357a11c32c9b0b95d
author:s0 <s0@users.noreply.github.com>
msg:initial
tree:2ba0f344a4227360745f8b743b28af58d010c2f4
author:Test User <test@example.com>"
`;
