// Jest Snapshot v1, https://goo.gl/fbAQLP

exports[`Deploy to a existing branch over ssh 1`] = `
"msg:Update master to output generated at <sha>
tree:8bf87c66655949e66937b11593cc4ae732d1f610
author:s0 <s0@users.noreply.github.com>
msg:initial
tree:c1cde76c408d7c8cb6956f35f1e4853366340aec
author:Test User <test@example.com>"
`;
